
> Configure project :
Fabric Loom: 1.15.4

> Task :compileJava NO-SOURCE
> Task :processResources UP-TO-DATE
> Task :classes UP-TO-DATE
> Task :compileClientJava UP-TO-DATE
> Task :processClientResources UP-TO-DATE
> Task :clientClasses UP-TO-DATE
> Task :generateLog4jConfig UP-TO-DATE
> Task :generateRemapClasspath UP-TO-DATE
> Task :generateDLIConfig UP-TO-DATE
> Task :configureLaunch UP-TO-DATE
> Task :downloadAssets UP-TO-DATE
> Task :configureClientLaunch UP-TO-DATE

> Task :runClient
[34m[04:45:57][m [33m[main/WARN][m [36m(FabricLoader/Knot)[m [0mClass path entries reference missing files: D:\Minecraft Mod Projects\plant-hitbox\build\classes\java\main - the game may not load properly!
[m[34m[04:45:57][m [32m[main/INFO][m [36m(FabricLoader/GameProvider)[m [0mLoading Minecraft 1.21.11 with Fabric Loader 0.18.2
[m[34m[04:45:57][m [32m[main/INFO][m [36m(FabricLoader)[m [0mLoading 48 mods:
	- cobblestonehelper 1.3.2
	- fabric-api 0.139.4+1.21.11
	- fabric-api-base 1.0.5+4ebb5c0853
	- fabric-api-lookup-api-v1 1.6.113+1fb1cde953
	- fabric-biome-api-v1 17.1.1+4fc5413f53
	- fabric-block-api-v1 1.1.10+4ebb5c0853
	- fabric-block-view-api-v2 1.0.39+4ebb5c0853
	- fabric-client-gametest-api-v1 4.3.5+bfe9fcf453
	- fabric-command-api-v2 2.4.6+4ebb5c0853
	- fabric-content-registries-v0 10.2.14+4fc5413f53
	- fabric-convention-tags-v1 2.1.55+7f945d5b53
	- fabric-convention-tags-v2 2.17.3+8ef948ba53
	- fabric-crash-report-info-v1 0.3.23+4ebb5c0853
	- fabric-data-attachment-api-v1 1.8.42+1fb1cde953
	- fabric-data-generation-api-v1 23.2.38+1d9b5c3553
	- fabric-dimensions-v1 4.0.28+4fc5413f53
	- fabric-entity-events-v1 3.0.5+4ebb5c0853
	- fabric-events-interaction-v0 4.0.43+1fb1cde953
	- fabric-game-rule-api-v1 2.0.3+4fc5413f53
	- fabric-gametest-api-v1 3.1.27+4fc5413f53
	- fabric-item-api-v1 11.5.19+78c8b46653
	- fabric-item-group-api-v1 4.2.36+4fc5413f53
	- fabric-key-binding-api-v1 1.1.7+4fc5413f53
	- fabric-lifecycle-events-v1 2.6.15+4ebb5c0853
	- fabric-loot-api-v2 3.0.73+3f89f5a553
	- fabric-loot-api-v3 2.0.20+78c8b46653
	- fabric-message-api-v1 6.1.12+4ebb5c0853
	- fabric-networking-api-v1 5.1.4+4ebb5c0853
	- fabric-object-builder-api-v1 21.1.37+4fc5413f53
	- fabric-particles-v1 4.2.10+4fc5413f53
	- fabric-recipe-api-v1 8.2.2+4ebb5c0853
	- fabric-registry-sync-v0 6.2.3+4ebb5c0853
	- fabric-rendering-fluids-v1 3.1.43+4ebb5c0853
	- fabric-rendering-v1 16.2.5+1fb1cde953
	- fabric-resource-conditions-api-v1 5.0.35+4fc5413f53
	- fabric-resource-loader-v0 3.3.4+4fc5413f53
	- fabric-resource-loader-v1 1.0.10+78c8b46653
	- fabric-screen-api-v1 3.1.7+4ebb5c0853
	- fabric-screen-handler-api-v1 1.3.159+4fc5413f53
	- fabric-serialization-api-v1 1.0.5+4ebb5c0853
	- fabric-sound-api-v1 1.0.51+4fc5413f53
	- fabric-tag-api-v1 1.2.20+4fc5413f53
	- fabric-transfer-api-v1 6.0.24+4fc5413f53
	- fabric-transitive-access-wideners-v1 7.0.7+1fb1cde953
	- fabricloader 0.18.2
	- java 21
	- minecraft 1.21.11
	- mixinextras 0.5.0
[m[34m[04:45:57][m [32m[main/INFO][m [36m(FabricLoader/Mixin)[m [0mSpongePowered MIXIN Subsystem Version=0.8.7 Source=file:/C:/Users/Brink/.gradle/caches/modules-2/files-2.1/net.fabricmc/sponge-mixin/0.16.5+mixin.0.8.7/80fc3a9f592673cea87f4cd702f87991c6c9fe4d/sponge-mixin-0.16.5+mixin.0.8.7.jar Service=Knot/Fabric Env=CLIENT
[m[34m[04:45:57][m [32m[main/INFO][m [36m(FabricLoader/Mixin)[m [0mLoaded Fabric development mappings for mixin remapper!
[m[34m[04:45:58][m [32m[main/INFO][m [36m(FabricLoader/Mixin)[m [0mCompatibility level set to JAVA_21
[m[34m[04:45:59][m [32m[main/INFO][m [36m(FabricLoader/MixinExtras|Service)[m [0mInitializing MixinExtras via com.llamalad7.mixinextras.service.MixinExtrasServiceImpl(version=0.5.0).
[m[34m[04:46:00][m [32m[Datafixer Bootstrap/INFO][m [36m(Minecraft)[m [0m287 Datafixer optimizations took 429 milliseconds
[m[34m[04:46:05][m [32m[Render thread/INFO][m [36m(Minecraft)[m [0mEnvironment: Environment[sessionHost=https://sessionserver.mojang.com, servicesHost=https://api.minecraftservices.com, profilesHost=https://api.mojang.com, name=PROD]
[m[34m[04:46:05][m [32m[Render thread/INFO][m [36m(Minecraft)[m [0mSetting user: Player838
[m[34m[04:46:05][m [32m[Render thread/INFO][m [36m(Minecraft)[m [0m[STDOUT]: [CobblestoneHelper] ========== MOD INITIALIZATION START ==========
[m[34m[04:46:05][m [32m[Render thread/INFO][m [36m(Minecraft)[m [0m[STDOUT]: [CobblestoneHelper] Version: cobblestonehelper
[m[34m[04:46:05][m [32m[Render thread/INFO][m [36m(Minecraft)[m [0m[STDOUT]: [CobblestoneHelper] Initializing client features...
[m[34m[04:46:05][m [32m[Render thread/INFO][m [36m(Minecraft)[m [0m[STDOUT]: [ModConfig] Initializing ModConfig...
[m[34m[04:46:05][m [32m[Render thread/INFO][m [36m(Minecraft)[m [0m[STDOUT]: [ModConfig] ✓ Config loaded successfully
[m[34m[04:46:05][m [32m[Render thread/INFO][m [36m(Minecraft)[m [0m[STDOUT]: [ModConfig] ✓ ModConfig initialized
[m[34m[04:46:05][m [32m[Render thread/INFO][m [36m(Minecraft)[m [0m[STDOUT]: [CobblestoneHelper] ✓ Created keybinding category
[m[34m[04:46:05][m [32m[Render thread/INFO][m [36m(Minecraft)[m [0m[STDOUT]: [CobblestoneHelper] ✓ Registered 'Hide Players' keybind (H)
[m[34m[04:46:05][m [32m[Render thread/INFO][m [36m(Minecraft)[m [0m[STDOUT]: [CobblestoneHelper] ✓ Registered 'Farm Warps' keybind (R)
[m[34m[04:46:05][m [32m[Render thread/INFO][m [36m(Minecraft)[m [0m[STDOUT]: [CobblestoneHelper] Initializing PlayerHidingManager...
[m[34m[04:46:05][m [32m[Render thread/INFO][m [36m(Minecraft)[m [0m[STDOUT]: [CobblestoneHelper] ✓ PlayerHidingManager initialized
[m[34m[04:46:05][m [32m[Render thread/INFO][m [36m(Minecraft)[m [0m[STDOUT]: [CobblestoneHelper] Initializing ShadySummonerManager...
[m[34m[04:46:05][m [32m[Render thread/INFO][m [36m(Minecraft)[m [0m[STDOUT]: [CobblestoneHelper] ✓ ShadySummonerManager initialized
[m[34m[04:46:05][m [32m[Render thread/INFO][m [36m(Minecraft)[m [0m[STDOUT]: [CobblestoneHelper] Initializing BazaarManager...
[m[34m[04:46:05][m [32m[Render thread/INFO][m [36m(Minecraft)[m [0m[STDOUT]: [BazaarManager] Loading config...
[m[34m[04:46:05][m [32m[Render thread/INFO][m [36m(Minecraft)[m [0m[STDOUT]: [BazaarManager] Loaded cached best crop: Wheat at ⛁12.5
[m[34m[04:46:05][m [32m[Render thread/INFO][m [36m(Minecraft)[m [0m[STDOUT]: [BazaarManager] ✓ Config loaded
[m[34m[04:46:05][m [32m[Render thread/INFO][m [36m(Minecraft)[m [0m[STDOUT]: [BazaarManager] Registering AFTER_INIT screen event...
[m[34m[04:46:05][m [32m[Render thread/INFO][m [36m(Minecraft)[m [0m[STDOUT]: [BazaarManager] Registering BEFORE_INIT screen event...
[m[34m[04:46:05][m [32m[Render thread/INFO][m [36m(Minecraft)[m [0m[STDOUT]: [BazaarManager] ✓ BazaarManager initialization complete
[m[34m[04:46:05][m [32m[Render thread/INFO][m [36m(Minecraft)[m [0m[STDOUT]: [CobblestoneHelper] ✓ BazaarManager initialized
[m[34m[04:46:05][m [32m[Render thread/INFO][m [36m(Minecraft)[m [0m[STDOUT]: [CobblestoneHelper] Initializing GuildQuestsManager...
[m[34m[04:46:05][m [32m[Render thread/INFO][m [36m(Minecraft)[m [0m[STDOUT]: [CobblestoneHelper] ✓ GuildQuestsManager initialized
[m[34m[04:46:05][m [32m[Render thread/INFO][m [36m(Minecraft)[m [0m[STDOUT]: [CobblestoneHelper] ✓ Registered farm warps tick event
[m[34m[04:46:05][m [32m[Render thread/INFO][m [36m(Minecraft)[m [0m[STDOUT]: [CobblestoneHelper] ✓ Registered command: /wf
[m[34m[04:46:05][m [32m[Render thread/INFO][m [36m(Minecraft)[m [0m[STDOUT]: [CobblestoneHelper] ✓ Registered command: /clearguildquestscache
[m[34m[04:46:05][m [32m[Render thread/INFO][m [36m(Minecraft)[m [0m[STDOUT]: [CobblestoneHelper] ✓ Registered command: /clearbazaarcache
[m[34m[04:46:05][m [32m[Render thread/INFO][m [36m(Minecraft)[m [0m[STDOUT]: [CobblestoneHelper] ✓ Registered command: /chconfig
[m[34m[04:46:05][m [32m[Render thread/INFO][m [36m(Minecraft)[m [0m[STDOUT]: [CobblestoneHelper] ========== MOD INITIALIZATION COMPLETE ==========
[m[34m[04:46:06][m [32m[Render thread/INFO][m [36m(Minecraft)[m [0mBackend library: LWJGL version 3.3.3-snapshot
[m[34m[04:46:06][m [32m[Render thread/INFO][m [36m(Minecraft)[m [0mUsing optional rendering extensions: GL_ARB_buffer_storage, GL_KHR_debug, GL_ARB_vertex_attrib_binding, GL_ARB_direct_state_access, GL_EXT_texture_filter_anisotropic
[m[34m[04:46:06][m [33m[Render thread/WARN][m [36m(FabricLoader/Mixin)[m [0mMixin apply for mod cobblestonehelper failed cobblestonehelper.client.mixins.json:rendering.SuppressNameplateMixin from mod cobblestonehelper -> net.minecraft.client.render.entity.LivingEntityRenderer: org.spongepowered.asm.mixin.injection.throwables.InvalidInjectionException Invalid descriptor on cobblestonehelper.client.mixins.json:rendering.SuppressNameplateMixin from mod cobblestonehelper->@Inject::suppressNameplateForHiddenEntities(Lnet/minecraft/client/render/entity/state/LivingEntityRenderState;Lorg/spongepowered/asm/mixin/injection/callback/CallbackInfoReturnable;)V! Expected (Lnet/minecraft/entity/LivingEntity;DLorg/spongepowered/asm/mixin/injection/callback/CallbackInfoReturnable;)V but found (Lnet/minecraft/client/render/entity/state/LivingEntityRenderState;Lorg/spongepowered/asm/mixin/injection/callback/CallbackInfoReturnable;)V [ -> Inject -> cobblestonehelper.client.mixins.json:rendering.SuppressNameplateMixin from mod cobblestonehelper->@Inject::suppressNameplateForHiddenEntities(Lnet/minecraft/client/render/entity/state/LivingEntityRenderState;Lorg/spongepowered/asm/mixin/injection/callback/CallbackInfoReturnable;)V]
[m
org.spongepowered.asm.mixin.injection.throwables.InvalidInjectionException: Invalid descriptor on cobblestonehelper.client.mixins.json:rendering.SuppressNameplateMixin from mod cobblestonehelper->@Inject::suppressNameplateForHiddenEntities(Lnet/minecraft/client/render/entity/state/LivingEntityRenderState;Lorg/spongepowered/asm/mixin/injection/callback/CallbackInfoReturnable;)V! Expected (Lnet/minecraft/entity/LivingEntity;DLorg/spongepowered/asm/mixin/injection/callback/CallbackInfoReturnable;)V but found (Lnet/minecraft/client/render/entity/state/LivingEntityRenderState;Lorg/spongepowered/asm/mixin/injection/callback/CallbackInfoReturnable;)V [ -> Inject -> cobblestonehelper.client.mixins.json:rendering.SuppressNameplateMixin from mod cobblestonehelper->@Inject::suppressNameplateForHiddenEntities(Lnet/minecraft/client/render/entity/state/LivingEntityRenderState;Lorg/spongepowered/asm/mixin/injection/callback/CallbackInfoReturnable;)V]
	at org.spongepowered.asm.mixin.injection.callback.CallbackInjector.inject(CallbackInjector.java:560)
	at org.spongepowered.asm.mixin.injection.callback.CallbackInjector.inject(CallbackInjector.java:490)
	at org.spongepowered.asm.mixin.injection.code.Injector.inject(Injector.java:284)
	at org.spongepowered.asm.mixin.injection.struct.InjectionInfo.inject(InjectionInfo.java:508)
	at org.spongepowered.asm.mixin.transformer.MixinTargetContext.applyInjections(MixinTargetContext.java:1483)
	at org.spongepowered.asm.mixin.transformer.MixinApplicatorStandard.applyInjections(MixinApplicatorStandard.java:752)
	at org.spongepowered.asm.mixin.transformer.MixinApplicatorStandard.applyMixin(MixinApplicatorStandard.java:330)
	at org.spongepowered.asm.mixin.transformer.MixinApplicatorStandard.apply(MixinApplicatorStandard.java:246)
	at org.spongepowered.asm.mixin.transformer.TargetClassContext.apply(TargetClassContext.java:437)
	at org.spongepowered.asm.mixin.transformer.TargetClassContext.applyMixins(TargetClassContext.java:418)
	at org.spongepowered.asm.mixin.transformer.MixinProcessor.applyMixins(MixinProcessor.java:352)
	at org.spongepowered.asm.mixin.transformer.MixinTransformer.transformClass(MixinTransformer.java:237)
	at org.spongepowered.asm.mixin.transformer.MixinTransformer.transformClassBytes(MixinTransformer.java:202)
	at net.fabricmc.loader.impl.launch.knot.KnotClassDelegate.getPostMixinClassByteArray(KnotClassDelegate.java:435)
	at net.fabricmc.loader.impl.launch.knot.KnotClassDelegate.tryLoadClass(KnotClassDelegate.java:336)
	at net.fabricmc.loader.impl.launch.knot.KnotClassDelegate.loadClass(KnotClassDelegate.java:231)
	at net.fabricmc.loader.impl.launch.knot.KnotClassLoader.loadClass(KnotClassLoader.java:119)
	at java.base/java.lang.ClassLoader.loadClass(ClassLoader.java:526)
	at java.base/java.lang.ClassLoader.defineClass1(Native Method)
	at java.base/java.lang.ClassLoader.defineClass(ClassLoader.java:1027)
	at java.base/java.security.SecureClassLoader.defineClass(SecureClassLoader.java:150)
	at net.fabricmc.loader.impl.launch.knot.KnotClassLoader.defineClassFwd(KnotClassLoader.java:165)
	at net.fabricmc.loader.impl.launch.knot.KnotClassDelegate.tryLoadClass(KnotClassDelegate.java:368)
	at net.fabricmc.loader.impl.launch.knot.KnotClassDelegate.loadClass(KnotClassDelegate.java:231)
	at net.fabricmc.loader.impl.launch.knot.KnotClassLoader.loadClass(KnotClassLoader.java:119)
	at java.base/java.lang.ClassLoader.loadClass(ClassLoader.java:526)
	at knot//net.minecraft.client.MinecraftClient.<init>(MinecraftClient.java:632)
	at knot//net.minecraft.client.main.Main.main(Main.java:234)
	at net.fabricmc.loader.impl.game.minecraft.MinecraftGameProvider.launch(MinecraftGameProvider.java:514)
	at net.fabricmc.loader.impl.launch.knot.Knot.launch(Knot.java:72)
	at net.fabricmc.loader.impl.launch.knot.KnotClient.main(KnotClient.java:23)
	at net.fabricmc.devlaunchinjector.Main.main(Main.java:86)
[34m[04:46:06][m [33m[Render thread/WARN][m [36m(FabricLoader/Mixin)[m [0mMixin apply for mod cobblestonehelper failed cobblestonehelper.client.mixins.json:rendering.RenderBodySafeguardMixin from mod cobblestonehelper -> net.minecraft.client.render.entity.LivingEntityRenderer: org.spongepowered.asm.mixin.injection.throwables.InvalidInjectionException Invalid descriptor on cobblestonehelper.client.mixins.json:rendering.RenderBodySafeguardMixin from mod cobblestonehelper->@Inject::forceInvisibilityBeforeRender(Lnet/minecraft/client/render/entity/state/LivingEntityRenderState;Ljava/lang/Object;Ljava/lang/Object;ILorg/spongepowered/asm/mixin/injection/callback/CallbackInfo;)V! Expected (Lnet/minecraft/client/render/entity/state/LivingEntityRenderState;Lnet/minecraft/client/util/math/MatrixStack;Lnet/minecraft/client/render/command/OrderedRenderCommandQueue;Lnet/minecraft/client/render/state/CameraRenderState;Lorg/spongepowered/asm/mixin/injection/callback/CallbackInfo;)V but found (Lnet/minecraft/client/render/entity/state/LivingEntityRenderState;Ljava/lang/Object;Ljava/lang/Object;ILorg/spongepowered/asm/mixin/injection/callback/CallbackInfo;)V [ -> Inject -> cobblestonehelper.client.mixins.json:rendering.RenderBodySafeguardMixin from mod cobblestonehelper->@Inject::forceInvisibilityBeforeRender(Lnet/minecraft/client/render/entity/state/LivingEntityRenderState;Ljava/lang/Object;Ljava/lang/Object;ILorg/spongepowered/asm/mixin/injection/callback/CallbackInfo;)V]
[m
org.spongepowered.asm.mixin.injection.throwables.InvalidInjectionException: Invalid descriptor on cobblestonehelper.client.mixins.json:rendering.RenderBodySafeguardMixin from mod cobblestonehelper->@Inject::forceInvisibilityBeforeRender(Lnet/minecraft/client/render/entity/state/LivingEntityRenderState;Ljava/lang/Object;Ljava/lang/Object;ILorg/spongepowered/asm/mixin/injection/callback/CallbackInfo;)V! Expected (Lnet/minecraft/client/render/entity/state/LivingEntityRenderState;Lnet/minecraft/client/util/math/MatrixStack;Lnet/minecraft/client/render/command/OrderedRenderCommandQueue;Lnet/minecraft/client/render/state/CameraRenderState;Lorg/spongepowered/asm/mixin/injection/callback/CallbackInfo;)V but found (Lnet/minecraft/client/render/entity/state/LivingEntityRenderState;Ljava/lang/Object;Ljava/lang/Object;ILorg/spongepowered/asm/mixin/injection/callback/CallbackInfo;)V [ -> Inject -> cobblestonehelper.client.mixins.json:rendering.RenderBodySafeguardMixin from mod cobblestonehelper->@Inject::forceInvisibilityBeforeRender(Lnet/minecraft/client/render/entity/state/LivingEntityRenderState;Ljava/lang/Object;Ljava/lang/Object;ILorg/spongepowered/asm/mixin/injection/callback/CallbackInfo;)V]
	at org.spongepowered.asm.mixin.injection.callback.CallbackInjector.inject(CallbackInjector.java:560)
	at org.spongepowered.asm.mixin.injection.callback.CallbackInjector.inject(CallbackInjector.java:490)
	at org.spongepowered.asm.mixin.injection.code.Injector.inject(Injector.java:284)
	at org.spongepowered.asm.mixin.injection.struct.InjectionInfo.inject(InjectionInfo.java:508)
	at org.spongepowered.asm.mixin.transformer.MixinTargetContext.applyInjections(MixinTargetContext.java:1483)
	at org.spongepowered.asm.mixin.transformer.MixinApplicatorStandard.applyInjections(MixinApplicatorStandard.java:752)
	at org.spongepowered.asm.mixin.transformer.MixinApplicatorStandard.applyMixin(MixinApplicatorStandard.java:330)
	at org.spongepowered.asm.mixin.transformer.MixinApplicatorStandard.apply(MixinApplicatorStandard.java:246)
	at org.spongepowered.asm.mixin.transformer.TargetClassContext.apply(TargetClassContext.java:437)
	at org.spongepowered.asm.mixin.transformer.TargetClassContext.applyMixins(TargetClassContext.java:418)
	at org.spongepowered.asm.mixin.transformer.MixinProcessor.applyMixins(MixinProcessor.java:352)
	at org.spongepowered.asm.mixin.transformer.MixinTransformer.transformClass(MixinTransformer.java:237)
	at org.spongepowered.asm.mixin.transformer.MixinTransformer.transformClassBytes(MixinTransformer.java:202)
	at net.fabricmc.loader.impl.launch.knot.KnotClassDelegate.getPostMixinClassByteArray(KnotClassDelegate.java:435)
	at net.fabricmc.loader.impl.launch.knot.KnotClassDelegate.tryLoadClass(KnotClassDelegate.java:336)
	at net.fabricmc.loader.impl.launch.knot.KnotClassDelegate.loadClass(KnotClassDelegate.java:231)
	at net.fabricmc.loader.impl.launch.knot.KnotClassLoader.loadClass(KnotClassLoader.java:119)
	at java.base/java.lang.ClassLoader.loadClass(ClassLoader.java:526)
	at java.base/java.lang.ClassLoader.defineClass1(Native Method)
	at java.base/java.lang.ClassLoader.defineClass(ClassLoader.java:1027)
	at java.base/java.security.SecureClassLoader.defineClass(SecureClassLoader.java:150)
	at net.fabricmc.loader.impl.launch.knot.KnotClassLoader.defineClassFwd(KnotClassLoader.java:165)
	at net.fabricmc.loader.impl.launch.knot.KnotClassDelegate.tryLoadClass(KnotClassDelegate.java:368)
	at net.fabricmc.loader.impl.launch.knot.KnotClassDelegate.loadClass(KnotClassDelegate.java:231)
	at net.fabricmc.loader.impl.launch.knot.KnotClassLoader.loadClass(KnotClassLoader.java:119)
	at java.base/java.lang.ClassLoader.loadClass(ClassLoader.java:526)
	at knot//net.minecraft.client.MinecraftClient.<init>(MinecraftClient.java:632)
	at knot//net.minecraft.client.main.Main.main(Main.java:234)
	at net.fabricmc.loader.impl.game.minecraft.MinecraftGameProvider.launch(MinecraftGameProvider.java:514)
	at net.fabricmc.loader.impl.launch.knot.Knot.launch(Knot.java:72)
	at net.fabricmc.loader.impl.launch.knot.KnotClient.main(KnotClient.java:23)
	at net.fabricmc.devlaunchinjector.Main.main(Main.java:86)
[34m[04:46:07][m [32m[Render thread/INFO][m [36m(Minecraft)[m [0mReloading ResourceManager: vanilla, cobblestonehelper, fabric-api, fabric-api-base, fabric-api-lookup-api-v1, fabric-biome-api-v1, fabric-block-api-v1, fabric-block-view-api-v2, fabric-client-gametest-api-v1, fabric-command-api-v2, fabric-content-registries-v0, fabric-convention-tags-v1, fabric-convention-tags-v2, fabric-crash-report-info-v1, fabric-data-attachment-api-v1, fabric-data-generation-api-v1, fabric-dimensions-v1, fabric-entity-events-v1, fabric-events-interaction-v0, fabric-game-rule-api-v1, fabric-gametest-api-v1, fabric-item-api-v1, fabric-item-group-api-v1, fabric-key-binding-api-v1, fabric-lifecycle-events-v1, fabric-loot-api-v2, fabric-loot-api-v3, fabric-message-api-v1, fabric-networking-api-v1, fabric-object-builder-api-v1, fabric-particles-v1, fabric-recipe-api-v1, fabric-registry-sync-v0, fabric-rendering-fluids-v1, fabric-rendering-v1, fabric-resource-conditions-api-v1, fabric-resource-loader-v0, fabric-resource-loader-v1, fabric-screen-api-v1, fabric-screen-handler-api-v1, fabric-serialization-api-v1, fabric-sound-api-v1, fabric-tag-api-v1, fabric-transfer-api-v1, fabric-transitive-access-wideners-v1, fabricloader
[m[34m[04:46:07][m [32m[Download-2/INFO][m [36m(Minecraft)[m [0mCould not authorize you against Realms server: java.lang.RuntimeException: Failed to parse into SignedJWT: FabricMC
[m[34m[04:46:07][m [32m[Worker-Main-2/INFO][m [36m(Minecraft)[m [0mFound unifont_all_no_pua-17.0.01.hex, loading
[m[34m[04:46:07][m [32m[Worker-Main-13/INFO][m [36m(Minecraft)[m [0mFound unifont_pua-17.0.01.hex, loading
[m[34m[04:46:07][m [32m[Worker-Main-9/INFO][m [36m(Minecraft)[m [0mFound unifont_jp_patch-17.0.01.hex, loading
[m[34m[04:46:08][m [32m[Render thread/INFO][m [36m(Minecraft)[m [0mOpenAL initialized on device OpenAL Soft on Speakers (USB PnP Sound Device)
[m[34m[04:46:08][m [32m[Render thread/INFO][m [36m(Minecraft)[m [0mSound engine started
[m[34m[04:46:08][m [32m[Render thread/INFO][m [36m(Minecraft)[m [0mCreated: 512x256x0 minecraft:textures/atlas/particles.png-atlas
[m[34m[04:46:08][m [32m[Render thread/INFO][m [36m(Minecraft)[m [0mCreated: 128x128x0 minecraft:textures/atlas/decorated_pot.png-atlas
[m[34m[04:46:08][m [32m[Render thread/INFO][m [36m(Minecraft)[m [0mCreated: 2048x1024x0 minecraft:textures/atlas/armor_trims.png-atlas
[m[34m[04:46:08][m [32m[Render thread/INFO][m [36m(Minecraft)[m [0mCreated: 512x256x0 minecraft:textures/atlas/paintings.png-atlas
[m[34m[04:46:08][m [32m[Render thread/INFO][m [36m(Minecraft)[m [0mCreated: 1024x512x0 minecraft:textures/atlas/shield_patterns.png-atlas
[m[34m[04:46:08][m [32m[Render thread/INFO][m [36m(Minecraft)[m [0mCreated: 2048x2048x4 minecraft:textures/atlas/blocks.png-atlas
[m[34m[04:46:08][m [32m[Render thread/INFO][m [36m(Minecraft)[m [0mCreated: 512x512x0 minecraft:textures/atlas/chest.png-atlas
[m[34m[04:46:08][m [32m[Render thread/INFO][m [36m(Minecraft)[m [0mCreated: 256x128x0 minecraft:textures/atlas/celestials.png-atlas
[m[34m[04:46:08][m [32m[Render thread/INFO][m [36m(Minecraft)[m [0mCreated: 1024x512x0 minecraft:textures/atlas/banner_patterns.png-atlas
[m[34m[04:46:08][m [32m[Render thread/INFO][m [36m(Minecraft)[m [0mCreated: 512x512x0 minecraft:textures/atlas/beds.png-atlas
[m[34m[04:46:08][m [32m[Render thread/INFO][m [36m(Minecraft)[m [0mCreated: 1024x512x0 minecraft:textures/atlas/items.png-atlas
[m[34m[04:46:08][m [32m[Render thread/INFO][m [36m(Minecraft)[m [0mCreated: 1024x1024x0 minecraft:textures/atlas/gui.png-atlas
[m[34m[04:46:08][m [32m[Render thread/INFO][m [36m(Minecraft)[m [0mCreated: 128x64x0 minecraft:textures/atlas/map_decorations.png-atlas
[m[34m[04:46:08][m [32m[Render thread/INFO][m [36m(Minecraft)[m [0mCreated: 512x256x0 minecraft:textures/atlas/signs.png-atlas
[m[34m[04:46:08][m [32m[Render thread/INFO][m [36m(Minecraft)[m [0mCreated: 512x512x0 minecraft:textures/atlas/shulker_boxes.png-atlas
[m[34m[04:46:09][m [32m[IO-Worker-1/INFO][m [36m(Minecraft)[m [0mCould not authorize you against Realms server: java.lang.RuntimeException: Failed to parse into SignedJWT: FabricMC
[m[34m[04:46:15][m [32m[Render thread/INFO][m [36m(Minecraft)[m [0mResizing Dynamic Transforms UBO, capacity limit of 2 reached during a single frame. New capacity will be 4.
[m[34m[04:46:16][m [32m[Render thread/INFO][m [36m(Minecraft)[m [0mLoaded 1470 recipes
[m[34m[04:46:16][m [32m[Render thread/INFO][m [36m(Minecraft)[m [0mLoaded 1584 advancements
[m[34m[04:46:16][m [32m[Render thread/INFO][m [36m(BiomeModificationImpl)[m [0mApplied 0 biome modifications to 0 of 65 new biomes in 837.3 μs
[m[34m[04:46:16][m [32m[Server thread/INFO][m [36m(Minecraft)[m [0mStarting integrated minecraft server version 1.21.11
[m[34m[04:46:16][m [32m[Server thread/INFO][m [36m(Minecraft)[m [0mGenerating keypair
[m[34m[04:46:16][m [32m[Server thread/INFO][m [36m(Minecraft)[m [0mLoading 0 persistent chunks...
[m[34m[04:46:16][m [32m[Server thread/INFO][m [36m(Minecraft)[m [0mPreparing spawn area: 16%
[m[34m[04:46:17][m [32m[Server thread/INFO][m [36m(Minecraft)[m [0mLoading 49 chunks for player spawn...
[m[34m[04:46:17][m [32m[Server thread/INFO][m [36m(Minecraft)[m [0mPreparing spawn area: 16%
[m[34m[04:46:17][m [32m[Server thread/INFO][m [36m(Minecraft)[m [0mTime elapsed: 772 ms
[m[34m[04:46:17][m [32m[Server thread/INFO][m [36m(Minecraft)[m [0mPlayer838[local:E:d8d953d9] logged in with entity id 27 at (1.8657424126500224, 57.0, 8.762543670425591)
[m[34m[04:46:17][m [32m[Server thread/INFO][m [36m(Minecraft)[m [0mPlayer838 joined the game
[m[34m[04:46:18][m [32m[Server thread/INFO][m [36m(Minecraft)[m [0mChanging view distance to 8, from 10
[m[34m[04:46:18][m [32m[Server thread/INFO][m [36m(Minecraft)[m [0mChanging simulation distance to 8, from 0
[m[34m[04:46:18][m [32m[Render thread/INFO][m [36m(Minecraft)[m [0mLoaded 18 advancements
[m[34m[04:46:18][m [32m[Render thread/INFO][m [36m(Minecraft)[m [0mResizing Dynamic Transforms UBO, capacity limit of 4 reached during a single frame. New capacity will be 8.
[m[34m[04:46:18][m [32m[Render thread/INFO][m [36m(Minecraft)[m [0mResizing Dynamic Transforms UBO, capacity limit of 8 reached during a single frame. New capacity will be 16.
[m[34m[04:46:18][m [32m[Render thread/INFO][m [36m(Minecraft)[m [0mResizing Chunk Sections UBO, capacity limit of 2 reached during a single frame. New capacity will be 4.
[m[34m[04:46:18][m [32m[Render thread/INFO][m [36m(Minecraft)[m [0mResizing Chunk Sections UBO, capacity limit of 4 reached during a single frame. New capacity will be 8.
[m[34m[04:46:18][m [32m[Render thread/INFO][m [36m(Minecraft)[m [0mResizing Chunk Sections UBO, capacity limit of 8 reached during a single frame. New capacity will be 16.
[m[34m[04:46:18][m [32m[Render thread/INFO][m [36m(Minecraft)[m [0mResizing Chunk Sections UBO, capacity limit of 16 reached during a single frame. New capacity will be 32.
[m[34m[04:46:18][m [32m[Render thread/INFO][m [36m(Minecraft)[m [0mResizing Chunk Sections UBO, capacity limit of 32 reached during a single frame. New capacity will be 64.
[m[34m[04:46:18][m [32m[Render thread/INFO][m [36m(Minecraft)[m [0mResizing Chunk Sections UBO, capacity limit of 64 reached during a single frame. New capacity will be 128.
[m[34m[04:46:19][m [33m[Render thread/WARN][m [36m(Minecraft)[m [0mReceived passengers for unknown entity
[m[34m[04:46:19][m [33m[Render thread/WARN][m [36m(Minecraft)[m [0mReceived passengers for unknown entity
[m[34m[04:46:20][m [31m[Render thread/ERROR][m [36m(Minecraft)[m [31mReported exception thrown!
[m
net.minecraft.util.crash.CrashException: Rendering screen
	at knot//net.minecraft.client.render.GameRenderer.render(GameRenderer.java:545)
	at knot//net.minecraft.client.MinecraftClient.render(MinecraftClient.java:1393)
	at knot//net.minecraft.client.MinecraftClient.run(MinecraftClient.java:966)
	at knot//net.minecraft.client.main.Main.main(Main.java:250)
	at net.fabricmc.loader.impl.game.minecraft.MinecraftGameProvider.launch(MinecraftGameProvider.java:514)
	at net.fabricmc.loader.impl.launch.knot.Knot.launch(Knot.java:72)
	at net.fabricmc.loader.impl.launch.knot.KnotClient.main(KnotClient.java:23)
	at net.fabricmc.devlaunchinjector.Main.main(Main.java:86)
Caused by: java.lang.IllegalStateException: Can only blur once per frame
	at knot//net.minecraft.client.gui.render.state.GuiRenderState.applyBlur(GuiRenderState.java:44)
	at knot//net.minecraft.client.gui.DrawContext.applyBlur(DrawContext.java:143)
	at knot//net.minecraft.client.gui.screen.Screen.applyBlur(Screen.java:390)
	at knot//net.minecraft.client.gui.screen.Screen.renderBackground(Screen.java:380)
	at knot//com.jandbdavenport.cobblestonehelper.gui.ConfigScreen.render(ConfigScreen.java:92)
	at knot//net.minecraft.client.gui.screen.Screen.renderWithTooltip(Screen.java:119)
	at knot//net.minecraft.client.render.GameRenderer.mixinextras$bridge$renderWithTooltip$61(GameRenderer.java)
	at knot//net.minecraft.client.render.GameRenderer.wrapOperation$zcc000$fabric-screen-api-v1$onRenderScreen(GameRenderer.java:986)
	at knot//net.minecraft.client.render.GameRenderer.render(GameRenderer.java:537)
	... 7 more
[34m[04:46:20][m [32m[Server thread/INFO][m [36m(Minecraft)[m [0mStopping server
[m[34m[04:46:20][m [32m[Server thread/INFO][m [36m(Minecraft)[m [0mSaving players
[m[34m[04:46:20][m [32m[Server thread/INFO][m [36m(Minecraft)[m [0mSaving worlds
[m[34m[04:46:20][m [32m[Server thread/INFO][m [36m(Minecraft)[m [0mSaving chunks for level 'ServerLevel[Test World]'/minecraft:overworld
[m[34m[04:46:21][m [32m[Server thread/INFO][m [36m(Minecraft)[m [0mSaving chunks for level 'ServerLevel[Test World]'/minecraft:the_nether
[m[34m[04:46:21][m [32m[Server thread/INFO][m [36m(Minecraft)[m [0mSaving chunks for level 'ServerLevel[Test World]'/minecraft:the_end
[m[34m[04:46:21][m [32m[Server thread/INFO][m [36m(Minecraft)[m [0mThreadedAnvilChunkStorage (Test World): All chunks are saved
[m[34m[04:46:21][m [32m[Server thread/INFO][m [36m(Minecraft)[m [0mThreadedAnvilChunkStorage (DIM-1): All chunks are saved
[m[34m[04:46:21][m [32m[Server thread/INFO][m [36m(Minecraft)[m [0mThreadedAnvilChunkStorage (DIM1): All chunks are saved
[m[34m[04:46:21][m [32m[Server thread/INFO][m [36m(Minecraft)[m [0mThreadedAnvilChunkStorage: All dimensions are saved
[m---- Minecraft Crash Report ----
// My bad.

Time: 2026-03-21 04:46:21
Description: Rendering screen

java.lang.IllegalStateException: Can only blur once per frame
	at knot//net.minecraft.client.gui.render.state.GuiRenderState.applyBlur(GuiRenderState.java:44)
	at knot//net.minecraft.client.gui.DrawContext.applyBlur(DrawContext.java:143)
	at knot//net.minecraft.client.gui.screen.Screen.applyBlur(Screen.java:390)
	at knot//net.minecraft.client.gui.screen.Screen.renderBackground(Screen.java:380)
	at knot//com.jandbdavenport.cobblestonehelper.gui.ConfigScreen.render(ConfigScreen.java:92)
	at knot//net.minecraft.client.gui.screen.Screen.renderWithTooltip(Screen.java:119)
	at knot//net.minecraft.client.render.GameRenderer.mixinextras$bridge$renderWithTooltip$61(GameRenderer.java)
	at knot//net.minecraft.client.render.GameRenderer.wrapOperation$zcc000$fabric-screen-api-v1$onRenderScreen(GameRenderer.java:986)
	at knot//net.minecraft.client.render.GameRenderer.render(GameRenderer.java:537)
	at knot//net.minecraft.client.MinecraftClient.render(MinecraftClient.java:1393)
	at knot//net.minecraft.client.MinecraftClient.run(MinecraftClient.java:966)
	at knot//net.minecraft.client.main.Main.main(Main.java:250)
	at net.fabricmc.loader.impl.game.minecraft.MinecraftGameProvider.launch(MinecraftGameProvider.java:514)
	at net.fabricmc.loader.impl.launch.knot.Knot.launch(Knot.java:72)
	at net.fabricmc.loader.impl.launch.knot.KnotClient.main(KnotClient.java:23)
	at net.fabricmc.devlaunchinjector.Main.main(Main.java:86)


A detailed walkthrough of the error, its code path and all known details is as follows:
---------------------------------------------------------------------------------------

-- Head --
Thread: Render thread
Stacktrace:
	at knot//net.minecraft.client.gui.render.state.GuiRenderState.applyBlur(GuiRenderState.java:44)
	at knot//net.minecraft.client.gui.DrawContext.applyBlur(DrawContext.java:143)
	at knot//net.minecraft.client.gui.screen.Screen.applyBlur(Screen.java:390)
	at knot//net.minecraft.client.gui.screen.Screen.renderBackground(Screen.java:380)
	at knot//com.jandbdavenport.cobblestonehelper.gui.ConfigScreen.render(ConfigScreen.java:92)
	at knot//net.minecraft.client.gui.screen.Screen.renderWithTooltip(Screen.java:119)
	at knot//net.minecraft.client.render.GameRenderer.mixinextras$bridge$renderWithTooltip$61(GameRenderer.java)
	at knot//net.minecraft.client.render.GameRenderer.wrapOperation$zcc000$fabric-screen-api-v1$onRenderScreen(GameRenderer.java:986)

-- Screen render details --
Details:
	Screen name: com.jandbdavenport.cobblestonehelper.gui.ConfigScreen
	Mouse location: Scaled: (320.000000, 180.000000). Absolute: (960.000000, 540.000000)
	Screen size: Scaled: (640, 360). Absolute: (1920, 1080). Scale factor of 3
Stacktrace:
	at knot//net.minecraft.client.render.GameRenderer.render(GameRenderer.java:537)
	at knot//net.minecraft.client.MinecraftClient.render(MinecraftClient.java:1393)
	at knot//net.minecraft.client.MinecraftClient.run(MinecraftClient.java:966)
	at knot//net.minecraft.client.main.Main.main(Main.java:250)
	at net.fabricmc.loader.impl.game.minecraft.MinecraftGameProvider.launch(MinecraftGameProvider.java:514)
	at net.fabricmc.loader.impl.launch.knot.Knot.launch(Knot.java:72)
	at net.fabricmc.loader.impl.launch.knot.KnotClient.main(KnotClient.java:23)
	at net.fabricmc.devlaunchinjector.Main.main(Main.java:86)

-- Uptime --
Details:
	JVM uptime: 24.397s
	Wall uptime: 15.662s
	High-res time: 14.696s
	Client ticks: 242 ticks / 12.100s
Stacktrace:
	at knot//net.minecraft.client.MinecraftClient.addDetailsToCrashReport(MinecraftClient.java:2477)
	at knot//net.minecraft.client.MinecraftClient.printCrashReport(MinecraftClient.java:1035)
	at knot//net.minecraft.client.MinecraftClient.run(MinecraftClient.java:987)
	at knot//net.minecraft.client.main.Main.main(Main.java:250)
	at net.fabricmc.loader.impl.game.minecraft.MinecraftGameProvider.launch(MinecraftGameProvider.java:514)
	at net.fabricmc.loader.impl.launch.knot.Knot.launch(Knot.java:72)
	at net.fabricmc.loader.impl.launch.knot.KnotClient.main(KnotClient.java:23)
	at net.fabricmc.devlaunchinjector.Main.main(Main.java:86)

-- Affected level --
Details:
	All players: 1 total; ClientPlayerEntity{name=Player838, id=27, pos=(1.8657424126500224, 57.0, 8.762543670425591), mode=CREATIVE, permission=permission level: OWNERS}
	Chunk stats: 529, 329
	Level dimension: minecraft:overworld
	Level spawn location: World: (0,56,0), Section: (at 0,8,0 in 0,3,0; chunk contains blocks 0,-64,0 to 15,319,15), Region: (0,0; contains chunks 0,0 to 31,31, blocks 0,-64,0 to 511,319,511)
	Level time: 36118 game time, 23626 day time
	Server brand: fabric
	Server type: Integrated singleplayer server
	Tracked entity count: 72

-- Last reload --
Details:
	Reload number: 1
	Reload reason: initial
	Finished: Yes
	Packs: vanilla, cobblestonehelper, fabric-api, fabric-api-base, fabric-api-lookup-api-v1, fabric-biome-api-v1, fabric-block-api-v1, fabric-block-view-api-v2, fabric-client-gametest-api-v1, fabric-command-api-v2, fabric-content-registries-v0, fabric-convention-tags-v1, fabric-convention-tags-v2, fabric-crash-report-info-v1, fabric-data-attachment-api-v1, fabric-data-generation-api-v1, fabric-dimensions-v1, fabric-entity-events-v1, fabric-events-interaction-v0, fabric-game-rule-api-v1, fabric-gametest-api-v1, fabric-item-api-v1, fabric-item-group-api-v1, fabric-key-binding-api-v1, fabric-lifecycle-events-v1, fabric-loot-api-v2, fabric-loot-api-v3, fabric-message-api-v1, fabric-networking-api-v1, fabric-object-builder-api-v1, fabric-particles-v1, fabric-recipe-api-v1, fabric-registry-sync-v0, fabric-rendering-fluids-v1, fabric-rendering-v1, fabric-resource-conditions-api-v1, fabric-resource-loader-v0, fabric-resource-loader-v1, fabric-screen-api-v1, fabric-screen-handler-api-v1, fabric-serialization-api-v1, fabric-sound-api-v1, fabric-tag-api-v1, fabric-transfer-api-v1, fabric-transitive-access-wideners-v1, fabricloader

-- System Details --
Details:
	Minecraft Version: 1.21.11
	Minecraft Version ID: 1.21.11
	Operating System: Windows 10 (amd64) version 10.0
	Java Version: 21.0.2, Oracle Corporation
	Java VM Version: Java HotSpot(TM) 64-Bit Server VM (mixed mode, sharing), Oracle Corporation
	Memory: 401774760 bytes (383 MiB) / 1430257664 bytes (1364 MiB) up to 8573157376 bytes (8176 MiB)
	CPUs: 16
	Processor Vendor: AuthenticAMD
	Processor Name: AMD Ryzen 7 5800X 8-Core Processor             
	Identifier: AuthenticAMD Family 25 Model 33 Stepping 2
	Microarchitecture: Zen 3
	Frequency (GHz): 3.79
	Number of physical packages: 1
	Number of physical CPUs: 8
	Number of logical CPUs: 16
	Graphics card #0 name: NVIDIA GeForce RTX 3060
	Graphics card #0 vendor: NVIDIA
	Graphics card #0 VRAM (MiB): 12288.00
	Graphics card #0 deviceId: VideoController1
	Graphics card #0 versionInfo: 32.0.15.6094
	Memory slot #0 capacity (MiB): 16384.00
	Memory slot #0 clockSpeed (GHz): 2.40
	Memory slot #0 type: DDR4
	Memory slot #1 capacity (MiB): 16384.00
	Memory slot #1 clockSpeed (GHz): 2.40
	Memory slot #1 type: DDR4
	Virtual memory max (MiB): 64436.93
	Virtual memory used (MiB): 24360.75
	Swap memory total (MiB): 31744.00
	Swap memory used (MiB): 132.18
	Space in storage for jna.tmpdir (MiB): <path not set>
	Space in storage for org.lwjgl.system.SharedLibraryExtractPath (MiB): <path not set>
	Space in storage for io.netty.native.workdir (MiB): <path not set>
	Space in storage for java.io.tmpdir (MiB): available: 79071.67, total: 476322.34
	Space in storage for workdir (MiB): available: 2576674.75, total: 3815430.00
	JVM Flags: 0 total; 
	Debug Flags: 0 total; 
	Fabric Mods: 
		cobblestonehelper: Cobblestone Helper Mod 1.3.2
		fabric-api: Fabric API 0.139.4+1.21.11
		fabric-api-base: Fabric API Base 1.0.5+4ebb5c0853
		fabric-api-lookup-api-v1: Fabric API Lookup API (v1) 1.6.113+1fb1cde953
		fabric-biome-api-v1: Fabric Biome API (v1) 17.1.1+4fc5413f53
		fabric-block-api-v1: Fabric Block API (v1) 1.1.10+4ebb5c0853
		fabric-block-view-api-v2: Fabric BlockView API (v2) 1.0.39+4ebb5c0853
		fabric-client-gametest-api-v1: Fabric Client Game Test API (v1) 4.3.5+bfe9fcf453
		fabric-command-api-v2: Fabric Command API (v2) 2.4.6+4ebb5c0853
		fabric-content-registries-v0: Fabric Content Registries (v0) 10.2.14+4fc5413f53
		fabric-convention-tags-v1: Fabric Convention Tags 2.1.55+7f945d5b53
		fabric-convention-tags-v2: Fabric Convention Tags (v2) 2.17.3+8ef948ba53
		fabric-crash-report-info-v1: Fabric Crash Report Info (v1) 0.3.23+4ebb5c0853
		fabric-data-attachment-api-v1: Fabric Data Attachment API (v1) 1.8.42+1fb1cde953
		fabric-data-generation-api-v1: Fabric Data Generation API (v1) 23.2.38+1d9b5c3553
		fabric-dimensions-v1: Fabric Dimensions API (v1) 4.0.28+4fc5413f53
		fabric-entity-events-v1: Fabric Entity Events (v1) 3.0.5+4ebb5c0853
		fabric-events-interaction-v0: Fabric Events Interaction (v0) 4.0.43+1fb1cde953
		fabric-game-rule-api-v1: Fabric Game Rule API (v1) 2.0.3+4fc5413f53
		fabric-gametest-api-v1: Fabric Game Test API (v1) 3.1.27+4fc5413f53
		fabric-item-api-v1: Fabric Item API (v1) 11.5.19+78c8b46653
		fabric-item-group-api-v1: Fabric Item Group API (v1) 4.2.36+4fc5413f53
		fabric-key-binding-api-v1: Fabric Key Binding API (v1) 1.1.7+4fc5413f53
		fabric-lifecycle-events-v1: Fabric Lifecycle Events (v1) 2.6.15+4ebb5c0853
		fabric-loot-api-v2: Fabric Loot API (v2) 3.0.73+3f89f5a553
		fabric-loot-api-v3: Fabric Loot API (v3) 2.0.20+78c8b46653
		fabric-message-api-v1: Fabric Message API (v1) 6.1.12+4ebb5c0853
		fabric-networking-api-v1: Fabric Networking API (v1) 5.1.4+4ebb5c0853
		fabric-object-builder-api-v1: Fabric Object Builder API (v1) 21.1.37+4fc5413f53
		fabric-particles-v1: Fabric Particles (v1) 4.2.10+4fc5413f53
		fabric-recipe-api-v1: Fabric Recipe API (v1) 8.2.2+4ebb5c0853
		fabric-registry-sync-v0: Fabric Registry Sync (v0) 6.2.3+4ebb5c0853
		fabric-rendering-fluids-v1: Fabric Rendering Fluids (v1) 3.1.43+4ebb5c0853
		fabric-rendering-v1: Fabric Rendering (v1) 16.2.5+1fb1cde953
		fabric-resource-conditions-api-v1: Fabric Resource Conditions API (v1) 5.0.35+4fc5413f53
		fabric-resource-loader-v0: Fabric Resource Loader (v0) 3.3.4+4fc5413f53
		fabric-resource-loader-v1: Fabric Resource Loader (v1) 1.0.10+78c8b46653
		fabric-screen-api-v1: Fabric Screen API (v1) 3.1.7+4ebb5c0853
		fabric-screen-handler-api-v1: Fabric Screen Handler API (v1) 1.3.159+4fc5413f53
		fabric-serialization-api-v1: Fabric Serialization API (v1) 1.0.5+4ebb5c0853
		fabric-sound-api-v1: Fabric Sound API (v1) 1.0.51+4fc5413f53
		fabric-tag-api-v1: Fabric Tag API (v1) 1.2.20+4fc5413f53
		fabric-transfer-api-v1: Fabric Transfer API (v1) 6.0.24+4fc5413f53
		fabric-transitive-access-wideners-v1: Fabric Transitive Access Wideners (v1) 7.0.7+1fb1cde953
		fabricloader: Fabric Loader 0.18.2
		java: Java HotSpot(TM) 64-Bit Server VM 21
		minecraft: Minecraft 1.21.11
		mixinextras: MixinExtras 0.5.0
	Launched Version: Fabric
	Backend library: LWJGL version 3.3.3-snapshot
	Backend API: NVIDIA GeForce RTX 3060/PCIe/SSE2 GL version 3.3.0 NVIDIA 560.94, NVIDIA Corporation
	Window size: 1920x1080
	GFLW Platform: win32
	Render Extensions: GL_ARB_buffer_storage, GL_KHR_debug, GL_ARB_vertex_attrib_binding, GL_ARB_direct_state_access, GL_EXT_texture_filter_anisotropic
	GL debug messages: 
	Is Modded: Definitely; Client brand changed to 'fabric'; Server brand changed to 'fabric'
	Universe: 400921fb54442d18
	Type: Integrated Server (map_client.txt)
	Transparency: regular
	Render Distance: 8/8 chunks
	Resource Packs: vanilla, cobblestonehelper, fabric-api, fabric-api-base, fabric-api-lookup-api-v1, fabric-biome-api-v1, fabric-block-api-v1, fabric-block-view-api-v2, fabric-client-gametest-api-v1, fabric-command-api-v2, fabric-content-registries-v0, fabric-convention-tags-v1, fabric-convention-tags-v2, fabric-crash-report-info-v1, fabric-data-attachment-api-v1, fabric-data-generation-api-v1, fabric-dimensions-v1, fabric-entity-events-v1, fabric-events-interaction-v0, fabric-game-rule-api-v1, fabric-gametest-api-v1, fabric-item-api-v1, fabric-item-group-api-v1, fabric-key-binding-api-v1, fabric-lifecycle-events-v1, fabric-loot-api-v2, fabric-loot-api-v3, fabric-message-api-v1, fabric-networking-api-v1, fabric-object-builder-api-v1, fabric-particles-v1, fabric-recipe-api-v1, fabric-registry-sync-v0, fabric-rendering-fluids-v1, fabric-rendering-v1, fabric-resource-conditions-api-v1, fabric-resource-loader-v0, fabric-resource-loader-v1, fabric-screen-api-v1, fabric-screen-handler-api-v1, fabric-serialization-api-v1, fabric-sound-api-v1, fabric-tag-api-v1, fabric-transfer-api-v1, fabric-transitive-access-wideners-v1, fabricloader
	Current Language: en_us
	Locale: en_US
	System encoding: Cp1252
	File encoding: UTF-8
	CPU: 16x AMD Ryzen 7 5800X 8-Core Processor 
	Server Running: true
	Player Count: 1 / 8; [ServerPlayerEntity['Player838'/27, l='ServerLevel[Test World]', x=1.87, y=57.00, z=8.76]]
	Active Data Packs: vanilla, fabric-convention-tags-v2, fabric-gametest-api-v1
	Available Data Packs: fabric-convention-tags-v2, fabric-gametest-api-v1, minecart_improvements, redstone_experiments, trade_rebalance, vanilla
	Enabled Feature Flags: minecraft:vanilla
	World Generation: Stable
	World Seed: 2450705744284214042
	Suppressed Exceptions: ~~NONE~~
#@!@# Game crashed! Crash report saved to: #@!@# D:\Minecraft Mod Projects\plant-hitbox\run\crash-reports\crash-2026-03-21_04.46.21-client.txt

> Task :runClient FAILED

FAILURE: Build failed with an exception.

* What went wrong:
Execution failed for task ':runClient'.
> Process 'command 'C:\Program Files\Java\jdk-21\bin\java.exe'' finished with non-zero exit value -1

* Try:
> Run with --stacktrace option to get the stack trace.
> Run with --info or --debug option to get more log output.
> Run with --scan to generate a Build Scan (powered by Develocity).
> Get more help at https://help.gradle.org.

BUILD FAILED in 26s
8 actionable tasks: 1 executed, 7 up-to-date
